// Jest Snapshot v1, https://goo.gl/fbAQLP

exports[`App should render home page 1`] = `ShallowWrapper {}`;

exports[`Home page should render home page 1`] = `ShallowWrapper {}`;
