// Jest Snapshot v1, https://goo.gl/fbAQLP

exports[`Homepage Should render Homepage 1`] = `ShallowWrapper {}`;
