// Jest Snapshot v1, https://goo.gl/fbAQLP

exports[`Side Bar should render trainers 1`] = `ReactWrapper {}`;
