// Jest Snapshot v1, https://goo.gl/fbAQLP

exports[`Side Bar should render menu item 1`] = `ShallowWrapper {}`;
