// Jest Snapshot v1, https://goo.gl/fbAQLP

exports[`Side Bar should render trainer 1`] = `ReactWrapper {}`;
